Dandy 2015 assembler map file.
Build Time : Fri Dec 20 10:54:01 2013
Command  (CMD) : 2
Position (POS) : 1
Weaving  (WVF) : 0
SWelding (SWF) : 0
MWelding (MWF) : 0
EWelding (EWF) : 0

============================================================
* Global Symbols : 0 symbols
============================================================

============================================================
* module 0 : 1 symbols
============================================================
'T01' : type=10 ('T_VAR'), val=T001, scope='local'

============================================================
* binary buffer infomation
============================================================
* Information for 'T_VAR'
'T001' : attr=0x0003, refer=1 Dandy-1996='T01'
* Information for 'WVF_VAR'
* Information for 'SWF_VAR'
* Information for 'MWF_VAR'
* Information for 'EWF_VAR'
============================================================
* command : 2
============================================================
000 0x0000 CALL   "sub.pg"
001 0x0000 MOVJ   T001 V=10(%) PL=0 CRD=WORLD

============================================================
* position : 1
============================================================
T001 JOINT 0 0 0 0 0 0 0 0 0 0 0 0 0 0 0 0

============================================================
* weaving condition : 0
============================================================

============================================================
* welding condition : start=0, main=0, end=0
============================================================



