Dandy 2015 assembler map file.
Build Time : Mon Nov 11 16:22:03 2013
Command  (CMD) : 2
Position (POS) : 2
Weaving  (WVF) : 1
SWelding (SWF) : 0
MWelding (MWF) : 0
EWelding (EWF) : 0

============================================================
* Global Symbols : 0 symbols
============================================================

============================================================
* module 0 : 3 symbols
============================================================
'T01' : type=10 ('T_VAR'), val=T000, scope='local'
'T02' : type=10 ('T_VAR'), val=T001, scope='local'
'wvf01' : type=15 ('WVF_VAR'), val=WVF000, scope='local'

============================================================
* command : 2
============================================================
000 MOVJ   T000 V=10(%) PL=0 CRD=WORLD
001 WEAVL  T001 WD=0 AD=0 ED=0 WVF=WVF000 CRD=WORLD

============================================================
* position : 2
============================================================
T000 JOINT 0 0 0 0 90 0 0 0 0 0 0 0 0 0 0 0
T001 JOINT 15 0 0 0 90 0 0 0 0 0 0 0 0 0 0 0

============================================================
* weaving condition : 1
============================================================
WVF000 WVF width=10 pitch=10 speed=10 dwell1=1 dwell2=1 start_width=0 start_pitch=0 start_speed=0

============================================================
* welding condition : start=0, main=0, end=0
============================================================



