Dandy 2015 assembler map file.
Build Time : Fri Feb 07 08:27:21 2014
Command  (CMD) : 19
Position (POS) : 0
Weaving  (WVF) : 0
SWelding (SWF) : 0
MWelding (MWF) : 0
EWelding (EWF) : 0

============================================================
* Global Symbols : 0 symbols
============================================================

============================================================
* module 0 : 1 symbols
============================================================
'JUMP' : type=1 ('I_CONST'), val=0, scope='local'

============================================================
* binary buffer infomation
============================================================
* Information for 'T_VAR'
* Information for 'WVF_VAR'
* Information for 'SWF_VAR'
* Information for 'MWF_VAR'
* Information for 'EWF_VAR'
============================================================
* command : 19
============================================================
000 0x0000 LABEL  JUMP
001 0x0000 SET    B001 1
002 0x0000 SET    B002 1
003 0x0000 SET    B003 1
004 0x0000 SET    B004 1
005 0x0000 SET    B005 1
006 0x0000 TIMER  T=1
007 0x0000 SET    B001 2
008 0x0000 SET    B002 2
009 0x0000 SET    B003 2
010 0x0000 SET    B004 2
011 0x0000 SET    B005 2
012 0x0000 TIMER  T=1
013 0x0000 SET    B001 0
014 0x0000 SET    B002 0
015 0x0000 SET    B003 0
016 0x0000 SET    B004 0
017 0x0000 SET    B005 0
018 0x0100 JUMP   JUMP    ; 0(0x000)

============================================================
* position : 0
============================================================

============================================================
* weaving condition : 0
============================================================

============================================================
* welding condition : start=0, main=0, end=0
============================================================



