Dandy 2015 assembler map file.
Build Time : Fri Nov  8 21:50:20 2013

Command  (CMD) : 2
Position (POS) : 0
Weaving  (WVF) : 0
SWelding (SWF) : 0
MWelding (MWF) : 0
EWelding (EWF) : 0

============================================================
* Global Symbols : 0 symbols
============================================================

============================================================
* module 0 : 0 symbols
============================================================

============================================================
* command : 2
============================================================
000 SET    DOP000 1
001 SET    i000 DIP000

============================================================
* position : 0
============================================================

============================================================
* weaving condition : 0
============================================================

============================================================
* welding condition : start=0, main=0, end=0
============================================================



